 
****************************************
Report : reference
Design : processing_unit
Version: O-2018.06
Date   : Mon Dec  2 03:37:37 2019
****************************************

Attributes:
    b - black box (unknown)
   bo - allows boundary optimization
    d - dont_touch
   mo - map_only
    h - hierarchical
    n - noncombinational
    r - removable
    s - synthetic operator
    u - contains unmapped logic

Reference          Library       Unit Area   Count    Total Area   Attributes
-----------------------------------------------------------------------------
SNG_16                         2579.560577       1   2579.560577  h, n
controller                     1708.647587       1   1708.647587  h, n
hi1s1              lec25dscc25_TT    33.177601       3    99.532803
i1s1               lec25dscc25_TT    33.177601       2    66.355202
i1s3               lec25dscc25_TT    41.472000       1    41.472000
i1s8               lec25dscc25_TT   199.065994       2   398.131989
ib1s1              lec25dscc25_TT    33.177601       5   165.888004
index_counter                  1476.402424       1   1476.402424  h, n
nnd2s1             lec25dscc25_TT    41.472000       2    82.944000
nnd2s2             lec25dscc25_TT    41.472000       2    82.944000
nor2s1             lec25dscc25_TT    41.472000       4   165.888000
nor2s2             lec25dscc25_TT    58.060799       3   174.182396
nor2s3             lec25dscc25_TT    74.649597       2   149.299194
nor3s1             lec25dscc25_TT    82.944000       1    82.944000
oai21s1            lec25dscc25_TT    49.766399       2    99.532799
or2s1              lec25dscc25_TT    49.766399       3   149.299198
or4s3              lec25dscc25_TT   132.710007       1   132.710007
or5s1              lec25dscc25_TT    91.238403       1    91.238403
partial_result_buffer          9372.681652       1   9372.681652  h, n
processing_element_0          22250.219627       1  22250.219627  h, n
processing_element_1          23279.243057       1  23279.243057  h, n
processing_element_2          22018.622433       1  22018.622433  h, n
processing_element_3          22704.245525       1  22704.245525  h, n
xor2s1             lec25dscc25_TT    82.944000       1    82.944000
xor2s2             lec25dscc25_TT    99.532799       1    99.532799
-----------------------------------------------------------------------------
Total 25 references                                 107554.461678

****************************************
Design: SNG_16 
****************************************
Reference          Library       Unit Area   Count    Total Area   Attributes
-----------------------------------------------------------------------------
LFSR_16                        1733.531975       1   1733.531975  h, n
and2s2             lec25dscc25_TT    58.060799       1    58.060799
aoai122s3          lec25dscc25_TT   107.827003       1   107.827003
aoi13s2            lec25dscc25_TT    58.060799       1    58.060799
aoi22s2            lec25dscc25_TT    58.060799       1    58.060799
ib1s1              lec25dscc25_TT    33.177601       7   232.243206
nnd2s2             lec25dscc25_TT    41.472000       3   124.416000
nnd3s1             lec25dscc25_TT    49.766399       1    49.766399
nor2s1             lec25dscc25_TT    41.472000       1    41.472000
oai22s1            lec25dscc25_TT    58.060799       1    58.060799
oai211s2           lec25dscc25_TT    58.060799       1    58.060799
-----------------------------------------------------------------------------
Total 11 references                                  2579.560577

****************************************
Design: LFSR_16 
****************************************
Reference          Library       Unit Area   Count    Total Area   Attributes
-----------------------------------------------------------------------------
dffles1            lec25dscc25_TT   199.065994       6  1194.395966 n
dsmxc31s1          lec25dscc25_TT    66.355202       4   265.420807
dsmxc31s2          lec25dscc25_TT    66.355202       1    66.355202
ib1s1              lec25dscc25_TT    33.177601       1    33.177601
nnd2s2             lec25dscc25_TT    41.472000       1    41.472000
oai21s2            lec25dscc25_TT    49.766399       1    49.766399
xnr2s1             lec25dscc25_TT    82.944000       1    82.944000
-----------------------------------------------------------------------------
Total 7 references                                   1733.531975

****************************************
Design: controller 
****************************************
Reference          Library       Unit Area   Count    Total Area   Attributes
-----------------------------------------------------------------------------
and3s1             lec25dscc25_TT    66.355202       2   132.710403
aoi21s1            lec25dscc25_TT    49.766399       1    49.766399
aoi21s2            lec25dscc25_TT    49.766399       2    99.532799
aoi22s1            lec25dscc25_TT    58.060799       1    58.060799
aoi42s1            lec25dscc25_TT    74.649597       1    74.649597
dffs1              lec25dscc25_TT   157.593994       3   472.781982 n
hi1s1              lec25dscc25_TT    33.177601       2    66.355202
i1s1               lec25dscc25_TT    33.177601       1    33.177601
ib1s1              lec25dscc25_TT    33.177601       7   232.243206
nb1s1              lec25dscc25_TT    41.472000       1    41.472000
nnd2s1             lec25dscc25_TT    41.472000       1    41.472000
nnd2s2             lec25dscc25_TT    41.472000       2    82.944000
nnd3s1             lec25dscc25_TT    49.766399       1    49.766399
nnd4s1             lec25dscc25_TT    58.060799       1    58.060799
nor2s1             lec25dscc25_TT    41.472000       4   165.888000
oai21s1            lec25dscc25_TT    49.766399       1    49.766399
-----------------------------------------------------------------------------
Total 16 references                                  1708.647587

****************************************
Design: index_counter 
****************************************
Reference          Library       Unit Area   Count    Total Area   Attributes
-----------------------------------------------------------------------------
and3s1             lec25dscc25_TT    66.355202       1    66.355202
aoi23s1            lec25dscc25_TT    66.355202       1    66.355202
dffs1              lec25dscc25_TT   157.593994       1   157.593994 n
dffs2              lec25dscc25_TT   174.182007       3   522.546021 n
ib1s1              lec25dscc25_TT    33.177601       5   165.888004
mxi21s2            lec25dscc25_TT    66.355202       1    66.355202
nnd2s2             lec25dscc25_TT    41.472000       4   165.888000
nor2s1             lec25dscc25_TT    41.472000       2    82.944000
oai21s1            lec25dscc25_TT    49.766399       1    49.766399
oai21s2            lec25dscc25_TT    49.766399       1    49.766399
xor2s1             lec25dscc25_TT    82.944000       1    82.944000
-----------------------------------------------------------------------------
Total 11 references                                  1476.402424

****************************************
Design: partial_result_buffer 
****************************************
Reference          Library       Unit Area   Count    Total Area   Attributes
-----------------------------------------------------------------------------
and2s2             lec25dscc25_TT    58.060799       3   174.182396
aoi21s1            lec25dscc25_TT    49.766399       1    49.766399
aoi22s1            lec25dscc25_TT    58.060799       9   522.547188
aoi22s2            lec25dscc25_TT    58.060799       4   232.243195
aoi22s3            lec25dscc25_TT    82.944000       1    82.944000
dffles1            lec25dscc25_TT   199.065994       6  1194.395966 n
dffs1              lec25dscc25_TT   157.593994      18  2836.691895 n
hi1s1              lec25dscc25_TT    33.177601       1    33.177601
i1s1               lec25dscc25_TT    33.177601       1    33.177601
i1s4               lec25dscc25_TT    49.766399       1    49.766399
i1s8               lec25dscc25_TT   199.065994       2   398.131989
ib1s1              lec25dscc25_TT    33.177601      27   895.795223
ib1s2              lec25dscc25_TT    41.472000       1    41.472000
ib1s6              lec25dscc25_TT   107.827003       3   323.481010
mxi21s2            lec25dscc25_TT    66.355202       2   132.710403
mxi21s3            lec25dscc25_TT    74.649597       2   149.299194
nb1s1              lec25dscc25_TT    41.472000       1    41.472000
nnd2s1             lec25dscc25_TT    41.472000       1    41.472000
nnd2s2             lec25dscc25_TT    41.472000      23   953.856003
nnd2s3             lec25dscc25_TT    58.060799       1    58.060799
nor2s1             lec25dscc25_TT    41.472000       4   165.888000
nor2s2             lec25dscc25_TT    58.060799       3   174.182396
oai13s3            lec25dscc25_TT    91.238403       1    91.238403
oai21s1            lec25dscc25_TT    49.766399       1    49.766399
oai21s2            lec25dscc25_TT    49.766399      13   646.963192
-----------------------------------------------------------------------------
Total 25 references                                  9372.681652

****************************************
Design: processing_element_0 
****************************************
Reference          Library       Unit Area   Count    Total Area   Attributes
-----------------------------------------------------------------------------
ESL_adder_0                     530.841202       1    530.841202  h
ESL_bioilar_divider_0         12709.495060       1  12709.495060  h, n
ESL_multiplier_0                273.715202       1    273.715202  h
SNG_4                          2878.158978       1   2878.158978  h, n
SNG_5                          2720.565575       1   2720.565575  h, n
SNG_6                          2813.961617       1   2813.961617  h, n
nb1s1              lec25dscc25_TT    41.472000       1    41.472000
one_counter_0                   282.009995       1    282.009995  h, n
-----------------------------------------------------------------------------
Total 8 references                                  22250.219627

****************************************
Design: ESL_adder_0 
****************************************
Reference          Library       Unit Area   Count    Total Area   Attributes
-----------------------------------------------------------------------------
mxi21s3            lec25dscc25_TT    74.649597       1    74.649597
xor2s2             lec25dscc25_TT    99.532799       2   199.065598
xor3s3             lec25dscc25_TT   257.126007       1   257.126007
-----------------------------------------------------------------------------
Total 3 references                                    530.841202

****************************************
Design: ESL_bioilar_divider_0 
****************************************
Reference          Library       Unit Area   Count    Total Area   Attributes
-----------------------------------------------------------------------------
P2B_0                          4777.363132       1   4777.363132  h, n
SNG_0                          2775.819565       1   2775.819565  h, n
and2s1             lec25dscc25_TT    49.766399       2    99.532799
and2s2             lec25dscc25_TT    58.060799       5   290.303993
and3s2             lec25dscc25_TT    99.532799       1    99.532799
aoi21s2            lec25dscc25_TT    49.766399       1    49.766399
aoi123s2           lec25dscc25_TT   132.710007       1   132.710007
dffs1              lec25dscc25_TT   157.593994       6   945.563965 n
i1s1               lec25dscc25_TT    33.177601       2    66.355202
i1s2               lec25dscc25_TT    41.472000       1    41.472000
i1s5               lec25dscc25_TT    49.766399       1    49.766399
ib1s1              lec25dscc25_TT    33.177601       7   232.243206
ib1s6              lec25dscc25_TT   107.827003       1   107.827003
mxi21s1            lec25dscc25_TT    66.355202       1    66.355202
mxi21s2            lec25dscc25_TT    66.355202       2   132.710403
nnd2s1             lec25dscc25_TT    41.472000       3   124.416000
nnd2s2             lec25dscc25_TT    41.472000       7   290.304001
nnd2s3             lec25dscc25_TT    58.060799       4   232.243195
nnd3s1             lec25dscc25_TT    49.766399       2    99.532799
nnd3s2             lec25dscc25_TT    49.766399       4   199.065598
nnd3s3             lec25dscc25_TT    82.944000       1    82.944000
nor3s1             lec25dscc25_TT    82.944000       1    82.944000
oai21s1            lec25dscc25_TT    49.766399       1    49.766399
oai21s2            lec25dscc25_TT    49.766399       2    99.532799
oai22s3            lec25dscc25_TT    96.725998       1    96.725998
oai211s2           lec25dscc25_TT    58.060799       1    58.060799
oai222s1           lec25dscc25_TT    82.944000       1    82.944000
or2s1              lec25dscc25_TT    49.766399       6   298.598396
xnr2s1             lec25dscc25_TT    82.944000       1    82.944000
xnr3s1             lec25dscc25_TT   182.477005       1   182.477005
xnr3s2             lec25dscc25_TT   199.065994       1   199.065994
xor2s1             lec25dscc25_TT    82.944000       7   580.608002
-----------------------------------------------------------------------------
Total 32 references                                 12709.495060

****************************************
Design: P2B_0 
****************************************
Reference          Library       Unit Area   Count    Total Area   Attributes
-----------------------------------------------------------------------------
and2s1             lec25dscc25_TT    49.766399       7   348.364796
dffs1              lec25dscc25_TT   157.593994      12  1891.127930 n
hadd1s1            lec25dscc25_TT    62.181000       8   497.447998 r
ib1s1              lec25dscc25_TT    33.177601       6   199.065605
lclks1             lec25dscc25_TT    91.238403       6   547.430420 n
nnd2s2             lec25dscc25_TT    41.472000       5   207.360001
nnd3s2             lec25dscc25_TT    49.766399       1    49.766399
nor2s1             lec25dscc25_TT    41.472000       1    41.472000
oai22s1            lec25dscc25_TT    58.060799      12   696.729584
or2s1              lec25dscc25_TT    49.766399       1    49.766399
or4s1              lec25dscc25_TT    82.944000       1    82.944000
xnr2s1             lec25dscc25_TT    82.944000       1    82.944000
xor2s1             lec25dscc25_TT    82.944000       1    82.944000
-----------------------------------------------------------------------------
Total 13 references                                  4777.363132

****************************************
Design: SNG_0 
****************************************
Reference          Library       Unit Area   Count    Total Area   Attributes
-----------------------------------------------------------------------------
LFSR_0                         1924.303165       1   1924.303165  h, n
and2s1             lec25dscc25_TT    49.766399       1    49.766399
aoi21s1            lec25dscc25_TT    49.766399       1    49.766399
aoi21s2            lec25dscc25_TT    49.766399       1    49.766399
aoi222s1           lec25dscc25_TT    82.944000       1    82.944000
hi1s1              lec25dscc25_TT    33.177601       1    33.177601
i1s1               lec25dscc25_TT    33.177601       1    33.177601
ib1s1              lec25dscc25_TT    33.177601       7   232.243206
nnd3s2             lec25dscc25_TT    49.766399       1    49.766399
oai22s3            lec25dscc25_TT    96.725998       1    96.725998
oai221s2           lec25dscc25_TT    74.649597       1    74.649597
or2s1              lec25dscc25_TT    49.766399       2    99.532799
-----------------------------------------------------------------------------
Total 12 references                                  2775.819565

****************************************
Design: LFSR_0 
****************************************
Reference          Library       Unit Area   Count    Total Area   Attributes
-----------------------------------------------------------------------------
aoi22s1            lec25dscc25_TT    58.060799       4   232.243195
dffles1            lec25dscc25_TT   199.065994       6  1194.395966 n
hi1s1              lec25dscc25_TT    33.177601       1    33.177601
ib1s1              lec25dscc25_TT    33.177601       6   199.065605
nnd2s2             lec25dscc25_TT    41.472000       2    82.944000
oai21s1            lec25dscc25_TT    49.766399       1    49.766399
oai21s2            lec25dscc25_TT    49.766399       1    49.766399
xor2s1             lec25dscc25_TT    82.944000       1    82.944000
-----------------------------------------------------------------------------
Total 8 references                                   1924.303165

****************************************
Design: ESL_multiplier_0 
****************************************
Reference          Library       Unit Area   Count    Total Area   Attributes
-----------------------------------------------------------------------------
i1s1               lec25dscc25_TT    33.177601       1    33.177601
ib1s1              lec25dscc25_TT    33.177601       1    33.177601
nnd2s1             lec25dscc25_TT    41.472000       2    82.944000
nnd2s2             lec25dscc25_TT    41.472000       1    41.472000
xnr2s1             lec25dscc25_TT    82.944000       1    82.944000
-----------------------------------------------------------------------------
Total 5 references                                    273.715202

****************************************
Design: SNG_4 
****************************************
Reference          Library       Unit Area   Count    Total Area   Attributes
-----------------------------------------------------------------------------
LFSR_4                         1874.536770       1   1874.536770  h, n
aoai122s3          lec25dscc25_TT   107.827003       1   107.827003
aoi22s2            lec25dscc25_TT    58.060799       1    58.060799
aoi22s3            lec25dscc25_TT    82.944000       1    82.944000
aoi23s2            lec25dscc25_TT    66.355202       1    66.355202
i1s1               lec25dscc25_TT    33.177601       1    33.177601
i1s3               lec25dscc25_TT    41.472000       2    82.944000
ib1s1              lec25dscc25_TT    33.177601       6   199.065605
ib1s2              lec25dscc25_TT    41.472000       1    41.472000
nnd2s2             lec25dscc25_TT    41.472000       2    82.944000
nnd2s3             lec25dscc25_TT    58.060799       1    58.060799
nnd3s1             lec25dscc25_TT    49.766399       1    49.766399
oai21s3            lec25dscc25_TT    82.944000       1    82.944000
oai211s2           lec25dscc25_TT    58.060799       1    58.060799
-----------------------------------------------------------------------------
Total 14 references                                  2878.158978

****************************************
Design: LFSR_4 
****************************************
Reference          Library       Unit Area   Count    Total Area   Attributes
-----------------------------------------------------------------------------
aoi22s2            lec25dscc25_TT    58.060799       2   116.121597
dffles1            lec25dscc25_TT   199.065994       6  1194.395966 n
dsmxc31s2          lec25dscc25_TT    66.355202       2   132.710403
hi1s1              lec25dscc25_TT    33.177601       1    33.177601
ib1s1              lec25dscc25_TT    33.177601       4   132.710403
nnd2s2             lec25dscc25_TT    41.472000       2    82.944000
oai21s2            lec25dscc25_TT    49.766399       2    99.532799
xor2s1             lec25dscc25_TT    82.944000       1    82.944000
-----------------------------------------------------------------------------
Total 8 references                                   1874.536770

****************************************
Design: SNG_5 
****************************************
Reference          Library       Unit Area   Count    Total Area   Attributes
-----------------------------------------------------------------------------
LFSR_5                         1849.653572       1   1849.653572  h, n
hi1s1              lec25dscc25_TT    33.177601       1    33.177601
ib1s1              lec25dscc25_TT    33.177601       9   298.598408
nnd3s1             lec25dscc25_TT    49.766399       1    49.766399
oai21s2            lec25dscc25_TT    49.766399       3   149.299198
oai21s3            lec25dscc25_TT    82.944000       1    82.944000
oai221s2           lec25dscc25_TT    74.649597       1    74.649597
oai222s1           lec25dscc25_TT    82.944000       1    82.944000
or2s1              lec25dscc25_TT    49.766399       2    99.532799
-----------------------------------------------------------------------------
Total 9 references                                   2720.565575

****************************************
Design: LFSR_5 
****************************************
Reference          Library       Unit Area   Count    Total Area   Attributes
-----------------------------------------------------------------------------
aoi22s1            lec25dscc25_TT    58.060799       1    58.060799
aoi22s2            lec25dscc25_TT    58.060799       1    58.060799
dffles1            lec25dscc25_TT   199.065994       6  1194.395966 n
dsmxc31s1          lec25dscc25_TT    66.355202       2   132.710403
dsmxc31s2          lec25dscc25_TT    66.355202       1    66.355202
hi1s1              lec25dscc25_TT    33.177601       1    33.177601
ib1s1              lec25dscc25_TT    33.177601       4   132.710403
nnd2s2             lec25dscc25_TT    41.472000       1    41.472000
oai21s2            lec25dscc25_TT    49.766399       1    49.766399
xnr2s1             lec25dscc25_TT    82.944000       1    82.944000
-----------------------------------------------------------------------------
Total 10 references                                  1849.653572

****************************************
Design: SNG_6 
****************************************
Reference          Library       Unit Area   Count    Total Area   Attributes
-----------------------------------------------------------------------------
LFSR_6                         1940.889614       1   1940.889614  h, n
and3s2             lec25dscc25_TT    99.532799       1    99.532799
aoi22s3            lec25dscc25_TT    82.944000       1    82.944000
i1s1               lec25dscc25_TT    33.177601       1    33.177601
ib1s1              lec25dscc25_TT    33.177601       8   265.420807
nnd2s1             lec25dscc25_TT    41.472000       1    41.472000
nnd2s2             lec25dscc25_TT    41.472000       3   124.416000
oai211s2           lec25dscc25_TT    58.060799       1    58.060799
oai221s2           lec25dscc25_TT    74.649597       1    74.649597
oai322s1           lec25dscc25_TT    93.398399       1    93.398399
-----------------------------------------------------------------------------
Total 10 references                                  2813.961617

****************************************
Design: LFSR_6 
****************************************
Reference          Library       Unit Area   Count    Total Area   Attributes
-----------------------------------------------------------------------------
aoi22s1            lec25dscc25_TT    58.060799       1    58.060799
dffles1            lec25dscc25_TT   199.065994       3   597.197983 n
dffles2            lec25dscc25_TT   215.654007       3   646.962021 n
dsmxc31s1          lec25dscc25_TT    66.355202       2   132.710403
dsmxc31s2          lec25dscc25_TT    66.355202       2   132.710403
hi1s1              lec25dscc25_TT    33.177601       1    33.177601
ib1s1              lec25dscc25_TT    33.177601       5   165.888004
nnd2s2             lec25dscc25_TT    41.472000       1    41.472000
oai21s2            lec25dscc25_TT    49.766399       1    49.766399
xnr2s1             lec25dscc25_TT    82.944000       1    82.944000
-----------------------------------------------------------------------------
Total 10 references                                  1940.889614

****************************************
Design: one_counter_0 
****************************************
Reference          Library       Unit Area   Count    Total Area   Attributes
-----------------------------------------------------------------------------
dffs1              lec25dscc25_TT   157.593994       1   157.593994 n
nor2s1             lec25dscc25_TT    41.472000       1    41.472000
xnr2s1             lec25dscc25_TT    82.944000       1    82.944000
-----------------------------------------------------------------------------
Total 3 references                                    282.009995

****************************************
Design: processing_element_1 
****************************************
Reference          Library       Unit Area   Count    Total Area   Attributes
-----------------------------------------------------------------------------
ESL_adder_1                     713.318592       1    713.318592  h
ESL_bioilar_divider_1         13514.048306       1  13514.048306  h, n
ESL_multiplier_1                182.476799       1    182.476799  h
SNG_7                          2831.073372       1   2831.073372  h, n
SNG_8                          3077.224777       1   3077.224777  h, n
SNG_9                          2637.619217       1   2637.619217  h, n
nb1s1              lec25dscc25_TT    41.472000       1    41.472000
one_counter_1                   282.009995       1    282.009995  h, n
-----------------------------------------------------------------------------
Total 8 references                                  23279.243057

****************************************
Design: ESL_adder_1 
****************************************
Reference          Library       Unit Area   Count    Total Area   Attributes
-----------------------------------------------------------------------------
ib1s1              lec25dscc25_TT    33.177601       1    33.177601
ib1s6              lec25dscc25_TT   107.827003       1   107.827003
nnd2s3             lec25dscc25_TT    58.060799       3   174.182396
xor2s2             lec25dscc25_TT    99.532799       2   199.065598
xor3s2             lec25dscc25_TT   199.065994       1   199.065994
-----------------------------------------------------------------------------
Total 5 references                                    713.318592

****************************************
Design: ESL_bioilar_divider_1 
****************************************
Reference          Library       Unit Area   Count    Total Area   Attributes
-----------------------------------------------------------------------------
P2B_1                          4793.951145       1   4793.951145  h, n
SNG_1                          2775.819565       1   2775.819565  h, n
and2s1             lec25dscc25_TT    49.766399       2    99.532799
and2s2             lec25dscc25_TT    58.060799       7   406.425591
and2s3             lec25dscc25_TT    99.532799       1    99.532799
and3s1             lec25dscc25_TT    66.355202       1    66.355202
and3s2             lec25dscc25_TT    99.532799       1    99.532799
aoi21s2            lec25dscc25_TT    49.766399       1    49.766399
aoi123s2           lec25dscc25_TT   132.710007       1   132.710007
dffs1              lec25dscc25_TT   157.593994       2   315.187988 n
dffs2              lec25dscc25_TT   174.182007       4   696.728027 n
hi1s1              lec25dscc25_TT    33.177601       1    33.177601
i1s1               lec25dscc25_TT    33.177601       4   132.710403
i1s2               lec25dscc25_TT    41.472000       1    41.472000
i1s3               lec25dscc25_TT    41.472000       4   165.888000
ib1s1              lec25dscc25_TT    33.177601      10   331.776009
mxi21s2            lec25dscc25_TT    66.355202       1    66.355202
mxi21s3            lec25dscc25_TT    74.649597       1    74.649597
nnd2s1             lec25dscc25_TT    41.472000       6   248.832001
nnd2s2             lec25dscc25_TT    41.472000      11   456.192001
nnd2s3             lec25dscc25_TT    58.060799       1    58.060799
nnd3s1             lec25dscc25_TT    49.766399       4   199.065598
nnd3s2             lec25dscc25_TT    49.766399       1    49.766399
nnd3s3             lec25dscc25_TT    82.944000       2   165.888000
nor2s2             lec25dscc25_TT    58.060799       1    58.060799
nor3s1             lec25dscc25_TT    82.944000       1    82.944000
oai21s2            lec25dscc25_TT    49.766399       2    99.532799
oai22s3            lec25dscc25_TT    96.725998       1    96.725998
oai211s2           lec25dscc25_TT    58.060799       1    58.060799
oai222s1           lec25dscc25_TT    82.944000       1    82.944000
or2s1              lec25dscc25_TT    49.766399       7   348.364796
xnr3s2             lec25dscc25_TT   199.065994       2   398.131989
xor2s1             lec25dscc25_TT    82.944000       4   331.776001
xor2s2             lec25dscc25_TT    99.532799       4   398.131195
-----------------------------------------------------------------------------
Total 34 references                                 13514.048306

****************************************
Design: P2B_1 
****************************************
Reference          Library       Unit Area   Count    Total Area   Attributes
-----------------------------------------------------------------------------
and2s1             lec25dscc25_TT    49.766399       6   298.598396
dffs1              lec25dscc25_TT   157.593994      11  1733.533936 n
dffs2              lec25dscc25_TT   174.182007       1   174.182007 n
hadd1s1            lec25dscc25_TT    62.181000       8   497.447998 r
ib1s1              lec25dscc25_TT    33.177601       6   199.065605
lclks1             lec25dscc25_TT    91.238403       6   547.430420 n
nnd2s1             lec25dscc25_TT    41.472000       2    82.944000
nnd2s2             lec25dscc25_TT    41.472000       2    82.944000
nnd3s2             lec25dscc25_TT    49.766399       2    99.532799
nor2s1             lec25dscc25_TT    41.472000       1    41.472000
oai21s2            lec25dscc25_TT    49.766399       1    49.766399
oai22s1            lec25dscc25_TT    58.060799      10   580.607986
oai22s2            lec25dscc25_TT    58.060799       1    58.060799
or2s1              lec25dscc25_TT    49.766399       2    99.532799
or4s1              lec25dscc25_TT    82.944000       1    82.944000
xnr2s1             lec25dscc25_TT    82.944000       1    82.944000
xor2s1             lec25dscc25_TT    82.944000       1    82.944000
-----------------------------------------------------------------------------
Total 17 references                                  4793.951145

****************************************
Design: SNG_1 
****************************************
Reference          Library       Unit Area   Count    Total Area   Attributes
-----------------------------------------------------------------------------
LFSR_1                         1924.303165       1   1924.303165  h, n
and2s1             lec25dscc25_TT    49.766399       1    49.766399
aoi21s1            lec25dscc25_TT    49.766399       1    49.766399
aoi21s2            lec25dscc25_TT    49.766399       1    49.766399
aoi222s1           lec25dscc25_TT    82.944000       1    82.944000
hi1s1              lec25dscc25_TT    33.177601       2    66.355202
i1s1               lec25dscc25_TT    33.177601       2    66.355202
ib1s1              lec25dscc25_TT    33.177601       5   165.888004
nnd3s1             lec25dscc25_TT    49.766399       1    49.766399
oai22s3            lec25dscc25_TT    96.725998       1    96.725998
oai221s2           lec25dscc25_TT    74.649597       1    74.649597
or2s1              lec25dscc25_TT    49.766399       2    99.532799
-----------------------------------------------------------------------------
Total 12 references                                  2775.819565

****************************************
Design: LFSR_1 
****************************************
Reference          Library       Unit Area   Count    Total Area   Attributes
-----------------------------------------------------------------------------
aoi22s1            lec25dscc25_TT    58.060799       3   174.182396
aoi22s2            lec25dscc25_TT    58.060799       1    58.060799
dffles1            lec25dscc25_TT   199.065994       6  1194.395966 n
ib1s1              lec25dscc25_TT    33.177601       7   232.243206
nnd2s2             lec25dscc25_TT    41.472000       2    82.944000
oai21s1            lec25dscc25_TT    49.766399       2    99.532799
xor2s1             lec25dscc25_TT    82.944000       1    82.944000
-----------------------------------------------------------------------------
Total 7 references                                   1924.303165

****************************************
Design: ESL_multiplier_1 
****************************************
Reference          Library       Unit Area   Count    Total Area   Attributes
-----------------------------------------------------------------------------
xnr2s1             lec25dscc25_TT    82.944000       1    82.944000
xnr2s2             lec25dscc25_TT    99.532799       1    99.532799
-----------------------------------------------------------------------------
Total 2 references                                    182.476799

****************************************
Design: SNG_7 
****************************************
Reference          Library       Unit Area   Count    Total Area   Attributes
-----------------------------------------------------------------------------
LFSR_7                         1874.536770       1   1874.536770  h, n
aoai122s3          lec25dscc25_TT   107.827003       1   107.827003
aoi22s2            lec25dscc25_TT    58.060799       1    58.060799
aoi22s3            lec25dscc25_TT    82.944000       1    82.944000
i1s1               lec25dscc25_TT    33.177601       1    33.177601
i1s2               lec25dscc25_TT    41.472000       2    82.944000
i1s3               lec25dscc25_TT    41.472000       2    82.944000
ib1s1              lec25dscc25_TT    33.177601       5   165.888004
nnd2s2             lec25dscc25_TT    41.472000       1    41.472000
nnd3s2             lec25dscc25_TT    49.766399       1    49.766399
oai22s3            lec25dscc25_TT    96.725998       2   193.451996
oai211s2           lec25dscc25_TT    58.060799       1    58.060799
-----------------------------------------------------------------------------
Total 12 references                                  2831.073372

****************************************
Design: LFSR_7 
****************************************
Reference          Library       Unit Area   Count    Total Area   Attributes
-----------------------------------------------------------------------------
aoi22s1            lec25dscc25_TT    58.060799       1    58.060799
aoi22s2            lec25dscc25_TT    58.060799       1    58.060799
dffles1            lec25dscc25_TT   199.065994       6  1194.395966 n
dsmxc31s2          lec25dscc25_TT    66.355202       2   132.710403
ib1s1              lec25dscc25_TT    33.177601       5   165.888004
nnd2s2             lec25dscc25_TT    41.472000       2    82.944000
oai21s2            lec25dscc25_TT    49.766399       2    99.532799
xor2s1             lec25dscc25_TT    82.944000       1    82.944000
-----------------------------------------------------------------------------
Total 8 references                                   1874.536770

****************************************
Design: SNG_8 
****************************************
Reference          Library       Unit Area   Count    Total Area   Attributes
-----------------------------------------------------------------------------
LFSR_8                         1849.653572       1   1849.653572  h, n
and4s1             lec25dscc25_TT    74.649597       1    74.649597
aoi21s2            lec25dscc25_TT    49.766399       2    99.532799
aoi22s2            lec25dscc25_TT    58.060799       1    58.060799
i1s1               lec25dscc25_TT    33.177601       1    33.177601
ib1s1              lec25dscc25_TT    33.177601       9   298.598408
nnd2s2             lec25dscc25_TT    41.472000       6   248.832001
nnd3s2             lec25dscc25_TT    49.766399       2    99.532799
nor2s1             lec25dscc25_TT    41.472000       3   124.416000
oai21s2            lec25dscc25_TT    49.766399       2    99.532799
or5s1              lec25dscc25_TT    91.238403       1    91.238403
-----------------------------------------------------------------------------
Total 11 references                                  3077.224777

****************************************
Design: LFSR_8 
****************************************
Reference          Library       Unit Area   Count    Total Area   Attributes
-----------------------------------------------------------------------------
aoi22s1            lec25dscc25_TT    58.060799       2   116.121597
dffles1            lec25dscc25_TT   199.065994       6  1194.395966 n
dsmxc31s1          lec25dscc25_TT    66.355202       2   132.710403
dsmxc31s2          lec25dscc25_TT    66.355202       1    66.355202
ib1s1              lec25dscc25_TT    33.177601       5   165.888004
nnd2s2             lec25dscc25_TT    41.472000       1    41.472000
oai21s2            lec25dscc25_TT    49.766399       1    49.766399
xnr2s1             lec25dscc25_TT    82.944000       1    82.944000
-----------------------------------------------------------------------------
Total 8 references                                   1849.653572

****************************************
Design: SNG_9 
****************************************
Reference          Library       Unit Area   Count    Total Area   Attributes
-----------------------------------------------------------------------------
LFSR_9                         1874.534412       1   1874.534412  h, n
aoi22s3            lec25dscc25_TT    82.944000       1    82.944000
aoi222s1           lec25dscc25_TT    82.944000       1    82.944000
i1s1               lec25dscc25_TT    33.177601       1    33.177601
ib1s1              lec25dscc25_TT    33.177601       8   265.420807
nnd2s2             lec25dscc25_TT    41.472000       1    41.472000
oai211s2           lec25dscc25_TT    58.060799       1    58.060799
oai221s2           lec25dscc25_TT    74.649597       1    74.649597
oai322s3           lec25dscc25_TT   124.416000       1   124.416000
-----------------------------------------------------------------------------
Total 9 references                                   2637.619217

****************************************
Design: LFSR_9 
****************************************
Reference          Library       Unit Area   Count    Total Area   Attributes
-----------------------------------------------------------------------------
aoi22s1            lec25dscc25_TT    58.060799       1    58.060799
dffles1            lec25dscc25_TT   199.065994       3   597.197983 n
dffles2            lec25dscc25_TT   215.654007       3   646.962021 n
dsmxc31s1          lec25dscc25_TT    66.355202       3   199.065605
dsmxc31s2          lec25dscc25_TT    66.355202       1    66.355202
ib1s1              lec25dscc25_TT    33.177601       4   132.710403
nnd2s2             lec25dscc25_TT    41.472000       1    41.472000
oai21s2            lec25dscc25_TT    49.766399       1    49.766399
xnr2s1             lec25dscc25_TT    82.944000       1    82.944000
-----------------------------------------------------------------------------
Total 9 references                                   1874.534412

****************************************
Design: one_counter_1 
****************************************
Reference          Library       Unit Area   Count    Total Area   Attributes
-----------------------------------------------------------------------------
dffs1              lec25dscc25_TT   157.593994       1   157.593994 n
nor2s1             lec25dscc25_TT    41.472000       1    41.472000
xnr2s1             lec25dscc25_TT    82.944000       1    82.944000
-----------------------------------------------------------------------------
Total 3 references                                    282.009995

****************************************
Design: processing_element_2 
****************************************
Reference          Library       Unit Area   Count    Total Area   Attributes
-----------------------------------------------------------------------------
ESL_adder_2                     738.201008       1    738.201008  h
ESL_bioilar_divider_2         12521.530067       1  12521.530067  h, n
ESL_multiplier_2                182.476799       1    182.476799  h
SNG_10                         2786.920578       1   2786.920578  h, n
SNG_11                         2762.037575       1   2762.037575  h, n
SNG_12                         2703.974411       1   2703.974411  h, n
nb1s1              lec25dscc25_TT    41.472000       1    41.472000
one_counter_2                   282.009995       1    282.009995  h, n
-----------------------------------------------------------------------------
Total 8 references                                  22018.622433

****************************************
Design: ESL_adder_2 
****************************************
Reference          Library       Unit Area   Count    Total Area   Attributes
-----------------------------------------------------------------------------
hi1s1              lec25dscc25_TT    33.177601       1    33.177601
ib1s6              lec25dscc25_TT   107.827003       1   107.827003
nnd2s2             lec25dscc25_TT    41.472000       1    41.472000
nnd2s3             lec25dscc25_TT    58.060799       2   116.121597
xor2s1             lec25dscc25_TT    82.944000       1    82.944000
xor2s2             lec25dscc25_TT    99.532799       1    99.532799
xor3s3             lec25dscc25_TT   257.126007       1   257.126007
-----------------------------------------------------------------------------
Total 7 references                                    738.201008

****************************************
Design: ESL_bioilar_divider_2 
****************************************
Reference          Library       Unit Area   Count    Total Area   Attributes
-----------------------------------------------------------------------------
P2B_2                          4735.891132       1   4735.891132  h, n
SNG_2                          2734.347561       1   2734.347561  h, n
and2s1             lec25dscc25_TT    49.766399       2    99.532799
and2s2             lec25dscc25_TT    58.060799       4   232.243195
and3s2             lec25dscc25_TT    99.532799       1    99.532799
aoi21s1            lec25dscc25_TT    49.766399       1    49.766399
aoi123s2           lec25dscc25_TT   132.710007       1   132.710007
dffs1              lec25dscc25_TT   157.593994       5   787.969971 n
dffs2              lec25dscc25_TT   174.182007       1   174.182007 n
hi1s1              lec25dscc25_TT    33.177601       1    33.177601
i1s1               lec25dscc25_TT    33.177601       2    66.355202
i1s2               lec25dscc25_TT    41.472000       1    41.472000
i1s3               lec25dscc25_TT    41.472000       2    82.944000
ib1s1              lec25dscc25_TT    33.177601       3    99.532803
ib1s2              lec25dscc25_TT    41.472000       1    41.472000
mxi21s1            lec25dscc25_TT    66.355202       1    66.355202
mxi21s2            lec25dscc25_TT    66.355202       2   132.710403
nb1s1              lec25dscc25_TT    41.472000       1    41.472000
nnd2s1             lec25dscc25_TT    41.472000       3   124.416000
nnd2s2             lec25dscc25_TT    41.472000       7   290.304001
nnd2s3             lec25dscc25_TT    58.060799       1    58.060799
nnd3s1             lec25dscc25_TT    49.766399       1    49.766399
nnd3s2             lec25dscc25_TT    49.766399       5   248.831997
nnd3s3             lec25dscc25_TT    82.944000       1    82.944000
nor2s1             lec25dscc25_TT    41.472000       1    41.472000
nor2s2             lec25dscc25_TT    58.060799       1    58.060799
nor3s1             lec25dscc25_TT    82.944000       1    82.944000
oai21s1            lec25dscc25_TT    49.766399       1    49.766399
oai21s2            lec25dscc25_TT    49.766399       2    99.532799
oai21s3            lec25dscc25_TT    82.944000       1    82.944000
oai22s2            lec25dscc25_TT    58.060799       2   116.121597
oai211s2           lec25dscc25_TT    58.060799       1    58.060799
oai222s1           lec25dscc25_TT    82.944000       1    82.944000
or2s1              lec25dscc25_TT    49.766399       6   298.598396
xnr3s1             lec25dscc25_TT   182.477005       1   182.477005
xnr3s2             lec25dscc25_TT   199.065994       1   199.065994
xor2s1             lec25dscc25_TT    82.944000       8   663.552002
-----------------------------------------------------------------------------
Total 37 references                                 12521.530067

****************************************
Design: P2B_2 
****************************************
Reference          Library       Unit Area   Count    Total Area   Attributes
-----------------------------------------------------------------------------
and2s1             lec25dscc25_TT    49.766399       6   298.598396
dffs1              lec25dscc25_TT   157.593994      12  1891.127930 n
hadd1s1            lec25dscc25_TT    62.181000       8   497.447998 r
ib1s1              lec25dscc25_TT    33.177601       6   199.065605
lclks1             lec25dscc25_TT    91.238403       6   547.430420 n
nnd2s1             lec25dscc25_TT    41.472000       1    41.472000
nnd2s2             lec25dscc25_TT    41.472000       3   124.416000
nnd3s2             lec25dscc25_TT    49.766399       2    99.532799
nor2s1             lec25dscc25_TT    41.472000       1    41.472000
oai22s1            lec25dscc25_TT    58.060799      10   580.607986
oai22s2            lec25dscc25_TT    58.060799       2   116.121597
or2s1              lec25dscc25_TT    49.766399       1    49.766399
or4s1              lec25dscc25_TT    82.944000       1    82.944000
xor2s1             lec25dscc25_TT    82.944000       2   165.888000
-----------------------------------------------------------------------------
Total 14 references                                  4735.891132

****************************************
Design: SNG_2 
****************************************
Reference          Library       Unit Area   Count    Total Area   Attributes
-----------------------------------------------------------------------------
LFSR_2                         1924.303165       1   1924.303165  h, n
and2s1             lec25dscc25_TT    49.766399       1    49.766399
aoi21s2            lec25dscc25_TT    49.766399       1    49.766399
aoi21s3            lec25dscc25_TT    74.649597       1    74.649597
aoi222s1           lec25dscc25_TT    82.944000       1    82.944000
i1s1               lec25dscc25_TT    33.177601       2    66.355202
ib1s1              lec25dscc25_TT    33.177601       6   199.065605
ib1s2              lec25dscc25_TT    41.472000       1    41.472000
oai22s3            lec25dscc25_TT    96.725998       1    96.725998
oai221s2           lec25dscc25_TT    74.649597       2   149.299194
-----------------------------------------------------------------------------
Total 10 references                                  2734.347561

****************************************
Design: LFSR_2 
****************************************
Reference          Library       Unit Area   Count    Total Area   Attributes
-----------------------------------------------------------------------------
aoi22s1            lec25dscc25_TT    58.060799       3   174.182396
aoi22s2            lec25dscc25_TT    58.060799       1    58.060799
dffles1            lec25dscc25_TT   199.065994       6  1194.395966 n
hi1s1              lec25dscc25_TT    33.177601       1    33.177601
ib1s1              lec25dscc25_TT    33.177601       6   199.065605
nnd2s2             lec25dscc25_TT    41.472000       2    82.944000
oai21s1            lec25dscc25_TT    49.766399       2    99.532799
xor2s1             lec25dscc25_TT    82.944000       1    82.944000
-----------------------------------------------------------------------------
Total 8 references                                   1924.303165

****************************************
Design: ESL_multiplier_2 
****************************************
Reference          Library       Unit Area   Count    Total Area   Attributes
-----------------------------------------------------------------------------
xnr2s1             lec25dscc25_TT    82.944000       1    82.944000
xnr2s2             lec25dscc25_TT    99.532799       1    99.532799
-----------------------------------------------------------------------------
Total 2 references                                    182.476799

****************************************
Design: SNG_10 
****************************************
Reference          Library       Unit Area   Count    Total Area   Attributes
-----------------------------------------------------------------------------
LFSR_10                        1874.536770       1   1874.536770  h, n
aoai122s3          lec25dscc25_TT   107.827003       1   107.827003
aoi22s2            lec25dscc25_TT    58.060799       2   116.121597
aoi23s2            lec25dscc25_TT    66.355202       1    66.355202
ib1s1              lec25dscc25_TT    33.177601       9   298.598408
ib1s2              lec25dscc25_TT    41.472000       1    41.472000
nnd2s2             lec25dscc25_TT    41.472000       3   124.416000
nnd3s2             lec25dscc25_TT    49.766399       1    49.766399
oai21s2            lec25dscc25_TT    49.766399       1    49.766399
oai211s2           lec25dscc25_TT    58.060799       1    58.060799
-----------------------------------------------------------------------------
Total 10 references                                  2786.920578

****************************************
Design: LFSR_10 
****************************************
Reference          Library       Unit Area   Count    Total Area   Attributes
-----------------------------------------------------------------------------
aoi22s2            lec25dscc25_TT    58.060799       2   116.121597
dffles1            lec25dscc25_TT   199.065994       6  1194.395966 n
dsmxc31s2          lec25dscc25_TT    66.355202       2   132.710403
hi1s1              lec25dscc25_TT    33.177601       1    33.177601
ib1s1              lec25dscc25_TT    33.177601       4   132.710403
nnd2s2             lec25dscc25_TT    41.472000       2    82.944000
oai21s2            lec25dscc25_TT    49.766399       2    99.532799
xor2s1             lec25dscc25_TT    82.944000       1    82.944000
-----------------------------------------------------------------------------
Total 8 references                                   1874.536770

****************************************
Design: SNG_11 
****************************************
Reference          Library       Unit Area   Count    Total Area   Attributes
-----------------------------------------------------------------------------
LFSR_11                        1849.653572       1   1849.653572  h, n
hi1s1              lec25dscc25_TT    33.177601       1    33.177601
ib1s1              lec25dscc25_TT    33.177601       9   298.598408
nnd3s1             lec25dscc25_TT    49.766399       2    99.532799
oai21s2            lec25dscc25_TT    49.766399       4   199.065598
oai222s1           lec25dscc25_TT    82.944000       1    82.944000
or2s1              lec25dscc25_TT    49.766399       4   199.065598
-----------------------------------------------------------------------------
Total 7 references                                   2762.037575

****************************************
Design: LFSR_11 
****************************************
Reference          Library       Unit Area   Count    Total Area   Attributes
-----------------------------------------------------------------------------
aoi22s1            lec25dscc25_TT    58.060799       1    58.060799
aoi22s2            lec25dscc25_TT    58.060799       1    58.060799
dffles1            lec25dscc25_TT   199.065994       6  1194.395966 n
dsmxc31s1          lec25dscc25_TT    66.355202       2   132.710403
dsmxc31s2          lec25dscc25_TT    66.355202       1    66.355202
hi1s1              lec25dscc25_TT    33.177601       1    33.177601
ib1s1              lec25dscc25_TT    33.177601       4   132.710403
nnd2s2             lec25dscc25_TT    41.472000       1    41.472000
oai21s2            lec25dscc25_TT    49.766399       1    49.766399
xnr2s1             lec25dscc25_TT    82.944000       1    82.944000
-----------------------------------------------------------------------------
Total 10 references                                  1849.653572

****************************************
Design: SNG_12 
****************************************
Reference          Library       Unit Area   Count    Total Area   Attributes
-----------------------------------------------------------------------------
LFSR_12                        1907.712013       1   1907.712013  h, n
aoi21s3            lec25dscc25_TT    74.649597       1    74.649597
aoi222s1           lec25dscc25_TT    82.944000       1    82.944000
i1s3               lec25dscc25_TT    41.472000       2    82.944000
ib1s1              lec25dscc25_TT    33.177601       6   199.065605
nnd2s2             lec25dscc25_TT    41.472000       1    41.472000
nor2s2             lec25dscc25_TT    58.060799       1    58.060799
oai211s2           lec25dscc25_TT    58.060799       1    58.060799
oai221s1           lec25dscc25_TT    74.649597       1    74.649597
oai322s3           lec25dscc25_TT   124.416000       1   124.416000
-----------------------------------------------------------------------------
Total 10 references                                  2703.974411

****************************************
Design: LFSR_12 
****************************************
Reference          Library       Unit Area   Count    Total Area   Attributes
-----------------------------------------------------------------------------
aoi22s1            lec25dscc25_TT    58.060799       1    58.060799
dffles1            lec25dscc25_TT   199.065994       3   597.197983 n
dffles2            lec25dscc25_TT   215.654007       3   646.962021 n
dsmxc31s1          lec25dscc25_TT    66.355202       3   199.065605
dsmxc31s2          lec25dscc25_TT    66.355202       1    66.355202
hi1s1              lec25dscc25_TT    33.177601       1    33.177601
ib1s1              lec25dscc25_TT    33.177601       4   132.710403
nnd2s2             lec25dscc25_TT    41.472000       1    41.472000
oai21s1            lec25dscc25_TT    49.766399       1    49.766399
xnr2s1             lec25dscc25_TT    82.944000       1    82.944000
-----------------------------------------------------------------------------
Total 10 references                                  1907.712013

****************************************
Design: one_counter_2 
****************************************
Reference          Library       Unit Area   Count    Total Area   Attributes
-----------------------------------------------------------------------------
dffs1              lec25dscc25_TT   157.593994       1   157.593994 n
nor2s1             lec25dscc25_TT    41.472000       1    41.472000
xnr2s1             lec25dscc25_TT    82.944000       1    82.944000
-----------------------------------------------------------------------------
Total 3 references                                    282.009995

****************************************
Design: processing_element_3 
****************************************
Reference          Library       Unit Area   Count    Total Area   Attributes
-----------------------------------------------------------------------------
ESL_adder_3                     472.781189       1    472.781189  h
ESL_bioilar_divider_3         13182.269562       1  13182.269562  h, n
ESL_multiplier_3                182.476799       1    182.476799  h
SNG_13                         2869.864765       1   2869.864765  h, n
SNG_14                         2629.326981       1   2629.326981  h, n
SNG_15                         3085.516235       1   3085.516235  h, n
one_counter_3                   282.009995       1    282.009995  h, n
-----------------------------------------------------------------------------
Total 7 references                                  22704.245525

****************************************
Design: ESL_adder_3 
****************************************
Reference          Library       Unit Area   Count    Total Area   Attributes
-----------------------------------------------------------------------------
mxi21s3            lec25dscc25_TT    74.649597       1    74.649597
xor2s2             lec25dscc25_TT    99.532799       2   199.065598
xor3s2             lec25dscc25_TT   199.065994       1   199.065994
-----------------------------------------------------------------------------
Total 3 references                                    472.781189

****************************************
Design: ESL_bioilar_divider_3 
****************************************
Reference          Library       Unit Area   Count    Total Area   Attributes
-----------------------------------------------------------------------------
P2B_3                          4793.951145       1   4793.951145  h, n
SNG_3                          2916.823574       1   2916.823574  h, n
and2s1             lec25dscc25_TT    49.766399       1    49.766399
and2s2             lec25dscc25_TT    58.060799       2   116.121597
and2s3             lec25dscc25_TT    99.532799       1    99.532799
and3s2             lec25dscc25_TT    99.532799       1    99.532799
aoi21s1            lec25dscc25_TT    49.766399       1    49.766399
aoi123s2           lec25dscc25_TT   132.710007       1   132.710007
dffs1              lec25dscc25_TT   157.593994       1   157.593994 n
dffs2              lec25dscc25_TT   174.182007       5   870.910034 n
hi1s1              lec25dscc25_TT    33.177601       2    66.355202
i1s1               lec25dscc25_TT    33.177601       2    66.355202
i1s3               lec25dscc25_TT    41.472000       2    82.944000
i1s4               lec25dscc25_TT    49.766399       1    49.766399
ib1s1              lec25dscc25_TT    33.177601       9   298.598408
mxi21s1            lec25dscc25_TT    66.355202       1    66.355202
mxi21s2            lec25dscc25_TT    66.355202       2   132.710403
nnd2s1             lec25dscc25_TT    41.472000       6   248.832001
nnd2s2             lec25dscc25_TT    41.472000       4   165.888000
nnd2s3             lec25dscc25_TT    58.060799       3   174.182396
nnd3s1             lec25dscc25_TT    49.766399       3   149.299198
nnd3s2             lec25dscc25_TT    49.766399       3   149.299198
nor2s1             lec25dscc25_TT    41.472000       1    41.472000
nor2s2             lec25dscc25_TT    58.060799       1    58.060799
nor2s3             lec25dscc25_TT    74.649597       1    74.649597
nor3s1             lec25dscc25_TT    82.944000       1    82.944000
oai21s1            lec25dscc25_TT    49.766399       1    49.766399
oai21s2            lec25dscc25_TT    49.766399       2    99.532799
oai22s3            lec25dscc25_TT    96.725998       1    96.725998
oai211s2           lec25dscc25_TT    58.060799       1    58.060799
oai222s2           lec25dscc25_TT   107.827003       1   107.827003
or2s1              lec25dscc25_TT    49.766399       7   348.364796
or2s3              lec25dscc25_TT    91.238403       1    91.238403
xnr3s1             lec25dscc25_TT   182.477005       1   182.477005
xor2s1             lec25dscc25_TT    82.944000       6   497.664001
xor2s2             lec25dscc25_TT    99.532799       2   199.065598
xor3s3             lec25dscc25_TT   257.126007       1   257.126007
-----------------------------------------------------------------------------
Total 37 references                                 13182.269562

****************************************
Design: P2B_3 
****************************************
Reference          Library       Unit Area   Count    Total Area   Attributes
-----------------------------------------------------------------------------
and2s1             lec25dscc25_TT    49.766399       6   298.598396
dffs1              lec25dscc25_TT   157.593994      11  1733.533936 n
dffs2              lec25dscc25_TT   174.182007       1   174.182007 n
hadd1s1            lec25dscc25_TT    62.181000       8   497.447998 r
ib1s1              lec25dscc25_TT    33.177601       6   199.065605
lclks1             lec25dscc25_TT    91.238403       6   547.430420 n
nnd2s1             lec25dscc25_TT    41.472000       2    82.944000
nnd2s2             lec25dscc25_TT    41.472000       2    82.944000
nnd3s2             lec25dscc25_TT    49.766399       2    99.532799
nor2s1             lec25dscc25_TT    41.472000       1    41.472000
oai21s2            lec25dscc25_TT    49.766399       1    49.766399
oai22s1            lec25dscc25_TT    58.060799       6   348.364792
oai22s2            lec25dscc25_TT    58.060799       5   290.303993
or2s1              lec25dscc25_TT    49.766399       2    99.532799
or4s1              lec25dscc25_TT    82.944000       1    82.944000
xnr2s1             lec25dscc25_TT    82.944000       1    82.944000
xor2s1             lec25dscc25_TT    82.944000       1    82.944000
-----------------------------------------------------------------------------
Total 17 references                                  4793.951145

****************************************
Design: SNG_3 
****************************************
Reference          Library       Unit Area   Count    Total Area   Attributes
-----------------------------------------------------------------------------
LFSR_3                         1940.891178       1   1940.891178  h, n
and2s1             lec25dscc25_TT    49.766399       1    49.766399
aoi21s2            lec25dscc25_TT    49.766399       1    49.766399
aoi21s3            lec25dscc25_TT    74.649597       1    74.649597
aoi222s2           lec25dscc25_TT    99.532799       1    99.532799
hi1s1              lec25dscc25_TT    33.177601       3    99.532803
i1s1               lec25dscc25_TT    33.177601       2    66.355202
i1s2               lec25dscc25_TT    41.472000       1    41.472000
ib1s1              lec25dscc25_TT    33.177601       3    99.532803
nnd3s2             lec25dscc25_TT    49.766399       2    99.532799
oai22s3            lec25dscc25_TT    96.725998       1    96.725998
or2s1              lec25dscc25_TT    49.766399       4   199.065598
-----------------------------------------------------------------------------
Total 12 references                                  2916.823574

****************************************
Design: LFSR_3 
****************************************
Reference          Library       Unit Area   Count    Total Area   Attributes
-----------------------------------------------------------------------------
aoi22s1            lec25dscc25_TT    58.060799       3   174.182396
aoi22s2            lec25dscc25_TT    58.060799       1    58.060799
dffles1            lec25dscc25_TT   199.065994       5   995.329971 n
dffles2            lec25dscc25_TT   215.654007       1   215.654007 n
ib1s1              lec25dscc25_TT    33.177601       7   232.243206
nnd2s2             lec25dscc25_TT    41.472000       2    82.944000
oai21s2            lec25dscc25_TT    49.766399       2    99.532799
xor2s1             lec25dscc25_TT    82.944000       1    82.944000
-----------------------------------------------------------------------------
Total 8 references                                   1940.891178

****************************************
Design: ESL_multiplier_3 
****************************************
Reference          Library       Unit Area   Count    Total Area   Attributes
-----------------------------------------------------------------------------
xnr2s1             lec25dscc25_TT    82.944000       1    82.944000
xnr2s2             lec25dscc25_TT    99.532799       1    99.532799
-----------------------------------------------------------------------------
Total 2 references                                    182.476799

****************************************
Design: SNG_13 
****************************************
Reference          Library       Unit Area   Count    Total Area   Attributes
-----------------------------------------------------------------------------
LFSR_13                        1924.303165       1   1924.303165  h, n
and2s1             lec25dscc25_TT    49.766399       1    49.766399
aoi21s1            lec25dscc25_TT    49.766399       1    49.766399
aoi21s2            lec25dscc25_TT    49.766399       1    49.766399
hi1s1              lec25dscc25_TT    33.177601       1    33.177601
ib1s1              lec25dscc25_TT    33.177601       7   232.243206
nnd2s1             lec25dscc25_TT    41.472000       1    41.472000
nnd2s2             lec25dscc25_TT    41.472000       2    82.944000
nnd3s2             lec25dscc25_TT    49.766399       3   149.299198
oai22s2            lec25dscc25_TT    58.060799       1    58.060799
or2s1              lec25dscc25_TT    49.766399       4   199.065598
-----------------------------------------------------------------------------
Total 11 references                                  2869.864765

****************************************
Design: LFSR_13 
****************************************
Reference          Library       Unit Area   Count    Total Area   Attributes
-----------------------------------------------------------------------------
aoi22s1            lec25dscc25_TT    58.060799       4   232.243195
dffles1            lec25dscc25_TT   199.065994       6  1194.395966 n
ib1s1              lec25dscc25_TT    33.177601       7   232.243206
nnd2s2             lec25dscc25_TT    41.472000       2    82.944000
oai21s2            lec25dscc25_TT    49.766399       2    99.532799
xor2s1             lec25dscc25_TT    82.944000       1    82.944000
-----------------------------------------------------------------------------
Total 6 references                                   1924.303165

****************************************
Design: SNG_14 
****************************************
Reference          Library       Unit Area   Count    Total Area   Attributes
-----------------------------------------------------------------------------
LFSR_14                        1849.653572       1   1849.653572  h, n
aoai122s3          lec25dscc25_TT   107.827003       1   107.827003
aoai1112s2         lec25dscc25_TT    66.355202       1    66.355202
aoi22s2            lec25dscc25_TT    58.060799       1    58.060799
ib1s1              lec25dscc25_TT    33.177601       8   265.420807
nnd2s2             lec25dscc25_TT    41.472000       4   165.888000
oai22s1            lec25dscc25_TT    58.060799       1    58.060799
oai211s2           lec25dscc25_TT    58.060799       1    58.060799
-----------------------------------------------------------------------------
Total 8 references                                   2629.326981

****************************************
Design: LFSR_14 
****************************************
Reference          Library       Unit Area   Count    Total Area   Attributes
-----------------------------------------------------------------------------
aoi22s1            lec25dscc25_TT    58.060799       1    58.060799
aoi22s2            lec25dscc25_TT    58.060799       1    58.060799
dffles1            lec25dscc25_TT   199.065994       6  1194.395966 n
dsmxc31s1          lec25dscc25_TT    66.355202       2   132.710403
dsmxc31s2          lec25dscc25_TT    66.355202       1    66.355202
ib1s1              lec25dscc25_TT    33.177601       5   165.888004
nnd2s2             lec25dscc25_TT    41.472000       1    41.472000
oai21s2            lec25dscc25_TT    49.766399       1    49.766399
xnr2s1             lec25dscc25_TT    82.944000       1    82.944000
-----------------------------------------------------------------------------
Total 9 references                                   1849.653572

****************************************
Design: SNG_15 
****************************************
Reference          Library       Unit Area   Count    Total Area   Attributes
-----------------------------------------------------------------------------
LFSR_15                        1924.300026       1   1924.300026  h, n
and2s2             lec25dscc25_TT    58.060799       1    58.060799
aoai122s3          lec25dscc25_TT   107.827003       1   107.827003
aoi21s3            lec25dscc25_TT    74.649597       1    74.649597
aoi42s2            lec25dscc25_TT   116.122002       1   116.122002
hi1s1              lec25dscc25_TT    33.177601       1    33.177601
i1s1               lec25dscc25_TT    33.177601       1    33.177601
i1s2               lec25dscc25_TT    41.472000       1    41.472000
ib1s1              lec25dscc25_TT    33.177601       8   265.420807
nnd2s1             lec25dscc25_TT    41.472000       3   124.416000
nnd2s2             lec25dscc25_TT    41.472000       6   248.832001
oai211s2           lec25dscc25_TT    58.060799       1    58.060799
-----------------------------------------------------------------------------
Total 12 references                                  3085.516235

****************************************
Design: LFSR_15 
****************************************
Reference          Library       Unit Area   Count    Total Area   Attributes
-----------------------------------------------------------------------------
aoi22s1            lec25dscc25_TT    58.060799       1    58.060799
dffles1            lec25dscc25_TT   199.065994       2   398.131989 n
dffles2            lec25dscc25_TT   215.654007       4   862.616028 n
dsmxc31s1          lec25dscc25_TT    66.355202       3   199.065605
dsmxc31s2          lec25dscc25_TT    66.355202       1    66.355202
ib1s1              lec25dscc25_TT    33.177601       5   165.888004
nnd2s2             lec25dscc25_TT    41.472000       1    41.472000
oai21s2            lec25dscc25_TT    49.766399       1    49.766399
xnr2s1             lec25dscc25_TT    82.944000       1    82.944000
-----------------------------------------------------------------------------
Total 9 references                                   1924.300026

****************************************
Design: one_counter_3 
****************************************
Reference          Library       Unit Area   Count    Total Area   Attributes
-----------------------------------------------------------------------------
dffs1              lec25dscc25_TT   157.593994       1   157.593994 n
nor2s1             lec25dscc25_TT    41.472000       1    41.472000
xnr2s1             lec25dscc25_TT    82.944000       1    82.944000
-----------------------------------------------------------------------------
Total 3 references                                    282.009995
1
