 
****************************************
Report : reference
Design : processing_unit
Version: O-2018.06
Date   : Mon Dec  2 01:24:53 2019
****************************************

Attributes:
    b - black box (unknown)
   bo - allows boundary optimization
    d - dont_touch
   mo - map_only
    h - hierarchical
    n - noncombinational
    r - removable
    s - synthetic operator
    u - contains unmapped logic

Reference          Library       Unit Area   Count    Total Area   Attributes
-----------------------------------------------------------------------------
ESL_bioilar_divider           11683.686489       1  11683.686489  h, n
SNG_9                          2800.702766       1   2800.702766  h, n
and2s1             lec25dscc25_TT    49.766399       1    49.766399
controller                     1833.061226       1   1833.061226  h, n
hi1s1              lec25dscc25_TT    33.177601       3    99.532803
ib1s1              lec25dscc25_TT    33.177601       8   265.420807
index_counter                  1459.814411       1   1459.814411  h, n
nb1s1              lec25dscc25_TT    41.472000       2    82.944000
nnd2s1             lec25dscc25_TT    41.472000       2    82.944000
nnd2s2             lec25dscc25_TT    41.472000       2    82.944000
nor2s1             lec25dscc25_TT    41.472000       8   331.776001
nor3s1             lec25dscc25_TT    82.944000       1    82.944000
oai21s1            lec25dscc25_TT    49.766399       1    49.766399
oai21s2            lec25dscc25_TT    49.766399       1    49.766399
or2s1              lec25dscc25_TT    49.766399       4   199.065598
or4s3              lec25dscc25_TT   132.710007       1   132.710007
or5s1              lec25dscc25_TT    91.238403       1    91.238403
partial_result_buffer         159783.521366       1 159783.521366 h, n
processing_element_0           6900.946712       1   6900.946712  h, n
processing_element_1           6964.495506       1   6964.495506  h, n
processing_element_2           6900.946712       1   6900.946712  h, n
processing_element_3           6818.002712       1   6818.002712  h, n
sc_counter                     2081.783840       1   2081.783840  h, n
xnr2s1             lec25dscc25_TT    82.944000       1    82.944000
xor2s1             lec25dscc25_TT    82.944000       1    82.944000
-----------------------------------------------------------------------------
Total 25 references                                 208993.668560

****************************************
Design: ESL_bioilar_divider 
****************************************
Reference          Library       Unit Area   Count    Total Area   Attributes
-----------------------------------------------------------------------------
P2B                            4769.068733       1   4769.068733  h, n
SNG_0                          2667.992363       1   2667.992363  h, n
and2s1             lec25dscc25_TT    49.766399       3   149.299198
and2s2             lec25dscc25_TT    58.060799       1    58.060799
aoi22s1            lec25dscc25_TT    58.060799       4   232.243195
dffs1              lec25dscc25_TT   157.593994       4   630.375977 n
dffs2              lec25dscc25_TT   174.182007       2   348.364014 n
hadd1s1            lec25dscc25_TT    62.181000       4   248.723999 r
i1s1               lec25dscc25_TT    33.177601       1    33.177601
ib1s1              lec25dscc25_TT    33.177601       7   232.243206
nnd2s1             lec25dscc25_TT    41.472000       6   248.832001
nnd2s2             lec25dscc25_TT    41.472000       6   248.832001
nnd3s2             lec25dscc25_TT    49.766399       1    49.766399
nor2s1             lec25dscc25_TT    41.472000       7   290.304001
nor6s1             lec25dscc25_TT   107.827003       1   107.827003
oai21s1            lec25dscc25_TT    49.766399       3   149.299198
oai21s2            lec25dscc25_TT    49.766399       4   199.065598
oai24s1            lec25dscc25_TT    91.238403       1    91.238403
or2s1              lec25dscc25_TT    49.766399       2    99.532799
xnr2s1             lec25dscc25_TT    82.944000       7   580.608002
xor2s1             lec25dscc25_TT    82.944000       3   248.832001
-----------------------------------------------------------------------------
Total 21 references                                 11683.686489

****************************************
Design: P2B 
****************************************
Reference          Library       Unit Area   Count    Total Area   Attributes
-----------------------------------------------------------------------------
and2s1             lec25dscc25_TT    49.766399       6   298.598396
dffs1              lec25dscc25_TT   157.593994      12  1891.127930 n
hadd1s1            lec25dscc25_TT    62.181000       8   497.447998 r
i1s1               lec25dscc25_TT    33.177601       1    33.177601
ib1s1              lec25dscc25_TT    33.177601       6   199.065605
lclks1             lec25dscc25_TT    91.238403       6   547.430420 n
nnd2s2             lec25dscc25_TT    41.472000       4   165.888000
nnd3s2             lec25dscc25_TT    49.766399       2    99.532799
nor2s1             lec25dscc25_TT    41.472000       1    41.472000
oai22s2            lec25dscc25_TT    58.060799      12   696.729584
or2s1              lec25dscc25_TT    49.766399       1    49.766399
or4s1              lec25dscc25_TT    82.944000       1    82.944000
xnr2s1             lec25dscc25_TT    82.944000       1    82.944000
xor2s1             lec25dscc25_TT    82.944000       1    82.944000
-----------------------------------------------------------------------------
Total 14 references                                  4769.068733

****************************************
Design: SNG_0 
****************************************
Reference          Library       Unit Area   Count    Total Area   Attributes
-----------------------------------------------------------------------------
LFSR_0                         1891.125565       1   1891.125565  h, n
and2s1             lec25dscc25_TT    49.766399       1    49.766399
aoi21s2            lec25dscc25_TT    49.766399       2    99.532799
aoi222s1           lec25dscc25_TT    82.944000       1    82.944000
ib1s1              lec25dscc25_TT    33.177601       9   298.598408
oai22s3            lec25dscc25_TT    96.725998       1    96.725998
oai221s2           lec25dscc25_TT    74.649597       2   149.299194
-----------------------------------------------------------------------------
Total 7 references                                   2667.992363

****************************************
Design: LFSR_0 
****************************************
Reference          Library       Unit Area   Count    Total Area   Attributes
-----------------------------------------------------------------------------
aoi22s1            lec25dscc25_TT    58.060799       2   116.121597
aoi22s2            lec25dscc25_TT    58.060799       2   116.121597
dffles1            lec25dscc25_TT   199.065994       6  1194.395966 n
ib1s1              lec25dscc25_TT    33.177601       6   199.065605
nnd2s2             lec25dscc25_TT    41.472000       2    82.944000
oai21s2            lec25dscc25_TT    49.766399       2    99.532799
xor2s1             lec25dscc25_TT    82.944000       1    82.944000
-----------------------------------------------------------------------------
Total 7 references                                   1891.125565

****************************************
Design: SNG_9 
****************************************
Reference          Library       Unit Area   Count    Total Area   Attributes
-----------------------------------------------------------------------------
LFSR_9                         1891.125565       1   1891.125565  h, n
and2s1             lec25dscc25_TT    49.766399       1    49.766399
and3s1             lec25dscc25_TT    66.355202       1    66.355202
aoi21s2            lec25dscc25_TT    49.766399       2    99.532799
aoi222s1           lec25dscc25_TT    82.944000       1    82.944000
ib1s1              lec25dscc25_TT    33.177601       8   265.420807
nnd3s1             lec25dscc25_TT    49.766399       1    49.766399
oai22s3            lec25dscc25_TT    96.725998       1    96.725998
or2s1              lec25dscc25_TT    49.766399       4   199.065598
-----------------------------------------------------------------------------
Total 9 references                                   2800.702766

****************************************
Design: LFSR_9 
****************************************
Reference          Library       Unit Area   Count    Total Area   Attributes
-----------------------------------------------------------------------------
aoi22s1            lec25dscc25_TT    58.060799       1    58.060799
aoi22s2            lec25dscc25_TT    58.060799       3   174.182396
dffles1            lec25dscc25_TT   199.065994       6  1194.395966 n
ib1s1              lec25dscc25_TT    33.177601       6   199.065605
nnd2s2             lec25dscc25_TT    41.472000       2    82.944000
oai21s2            lec25dscc25_TT    49.766399       2    99.532799
xor2s1             lec25dscc25_TT    82.944000       1    82.944000
-----------------------------------------------------------------------------
Total 7 references                                   1891.125565

****************************************
Design: controller 
****************************************
Reference          Library       Unit Area   Count    Total Area   Attributes
-----------------------------------------------------------------------------
and2s1             lec25dscc25_TT    49.766399       1    49.766399
and3s1             lec25dscc25_TT    66.355202       2   132.710403
aoi21s1            lec25dscc25_TT    49.766399       1    49.766399
aoi22s2            lec25dscc25_TT    58.060799       1    58.060799
aoi42s1            lec25dscc25_TT    74.649597       1    74.649597
dffs2              lec25dscc25_TT   174.182007       1   174.182007 n
dffscs2            lec25dscc25_TT   215.654007       2   431.308014 n
hi1s1              lec25dscc25_TT    33.177601       1    33.177601
ib1s1              lec25dscc25_TT    33.177601      11   364.953609
nb1s1              lec25dscc25_TT    41.472000       1    41.472000
nnd2s1             lec25dscc25_TT    41.472000       1    41.472000
nnd2s3             lec25dscc25_TT    58.060799       1    58.060799
nnd3s1             lec25dscc25_TT    49.766399       1    49.766399
nnd4s1             lec25dscc25_TT    58.060799       1    58.060799
nor2s1             lec25dscc25_TT    41.472000       4   165.888000
oai21s1            lec25dscc25_TT    49.766399       1    49.766399
-----------------------------------------------------------------------------
Total 16 references                                  1833.061226

****************************************
Design: index_counter 
****************************************
Reference          Library       Unit Area   Count    Total Area   Attributes
-----------------------------------------------------------------------------
and3s1             lec25dscc25_TT    66.355202       1    66.355202
aoi23s1            lec25dscc25_TT    66.355202       1    66.355202
dffs1              lec25dscc25_TT   157.593994       2   315.187988 n
dffs2              lec25dscc25_TT   174.182007       2   348.364014 n
ib1s1              lec25dscc25_TT    33.177601       5   165.888004
mxi21s2            lec25dscc25_TT    66.355202       1    66.355202
nnd2s2             lec25dscc25_TT    41.472000       4   165.888000
nor2s1             lec25dscc25_TT    41.472000       2    82.944000
oai21s2            lec25dscc25_TT    49.766399       2    99.532799
xor2s1             lec25dscc25_TT    82.944000       1    82.944000
-----------------------------------------------------------------------------
Total 10 references                                  1459.814411

****************************************
Design: partial_result_buffer 
****************************************
Reference          Library       Unit Area   Count    Total Area   Attributes
-----------------------------------------------------------------------------
and2s1             lec25dscc25_TT    49.766399       8   398.131195
and2s2             lec25dscc25_TT    58.060799       5   290.303993
and3s1             lec25dscc25_TT    66.355202       1    66.355202
and3s2             lec25dscc25_TT    99.532799      16  1592.524780
aoi21s2            lec25dscc25_TT    49.766399      17   846.028790
aoi21s3            lec25dscc25_TT    74.649597      15  1119.743958
aoi22s1            lec25dscc25_TT    58.060799     171  9928.396568
aoi22s2            lec25dscc25_TT    58.060799     124  7199.539032
aoi22s3            lec25dscc25_TT    82.944000      22  1824.768005
aoi23s2            lec25dscc25_TT    66.355202       2   132.710403
dffles1            lec25dscc25_TT   199.065994     512 101921.789062 n
hi1s1              lec25dscc25_TT    33.177601       1    33.177601
hnb1s1             lec25dscc25_TT    58.060799       2   116.121597
i1s2               lec25dscc25_TT    41.472000       2    82.944000
i1s3               lec25dscc25_TT    41.472000      30  1244.160004
i1s5               lec25dscc25_TT    49.766399       1    49.766399
i1s8               lec25dscc25_TT   199.065994       9  1791.593948
i1s9               lec25dscc25_TT   215.654007       5  1078.270035
ib1s1              lec25dscc25_TT    33.177601     246  8161.689812
ib1s2              lec25dscc25_TT    41.472000       5   207.360001
ib1s5              lec25dscc25_TT    82.944000       1    82.944000
ib1s6              lec25dscc25_TT   107.827003      18  1940.886063
mxi41s3            lec25dscc25_TT   141.005005       1   141.005005
nnd2s1             lec25dscc25_TT    41.472000      19   787.968002
nnd2s2             lec25dscc25_TT    41.472000     188  7796.736023
nnd2s3             lec25dscc25_TT    58.060799       1    58.060799
nnd4s2             lec25dscc25_TT    91.238403       1    91.238403
nor2s1             lec25dscc25_TT    41.472000       2    82.944000
nor4s3             lec25dscc25_TT   157.593994       4   630.375977
oai21s1            lec25dscc25_TT    49.766399      19   945.561588
oai21s2            lec25dscc25_TT    49.766399     173  8609.587093
or4s3              lec25dscc25_TT   132.710007       4   530.840027
-----------------------------------------------------------------------------
Total 32 references                                 159783.521366

****************************************
Design: processing_element_0 
****************************************
Reference          Library       Unit Area   Count    Total Area   Attributes
-----------------------------------------------------------------------------
ESL_adder_0                     423.014400       1    423.014400  h
ESL_multiplier_0                165.888000       1    165.888000  h
SNG_1                          2662.504765       1   2662.504765  h, n
SNG_2                          2737.154366       1   2737.154366  h, n
aoi22s2            lec25dscc25_TT    58.060799       2   116.121597
dffs1              lec25dscc25_TT   157.593994       2   315.187988 n
i1s3               lec25dscc25_TT    41.472000       1    41.472000
ib1s1              lec25dscc25_TT    33.177601       1    33.177601
nb1s1              lec25dscc25_TT    41.472000       1    41.472000
nor2s1             lec25dscc25_TT    41.472000       2    82.944000
one_counter_0                   282.009995       1    282.009995  h, n
-----------------------------------------------------------------------------
Total 11 references                                  6900.946712

****************************************
Design: ESL_adder_0 
****************************************
Reference          Library       Unit Area   Count    Total Area   Attributes
-----------------------------------------------------------------------------
ib1s1              lec25dscc25_TT    33.177601       1    33.177601
oai22s2            lec25dscc25_TT    58.060799       1    58.060799
xor2s1             lec25dscc25_TT    82.944000       4   331.776001
-----------------------------------------------------------------------------
Total 3 references                                    423.014400

****************************************
Design: ESL_multiplier_0 
****************************************
Reference          Library       Unit Area   Count    Total Area   Attributes
-----------------------------------------------------------------------------
xnr2s1             lec25dscc25_TT    82.944000       2   165.888000
-----------------------------------------------------------------------------
Total 1 references                                    165.888000

****************************************
Design: SNG_1 
****************************************
Reference          Library       Unit Area   Count    Total Area   Attributes
-----------------------------------------------------------------------------
LFSR_1                         1924.303165       1   1924.303165  h, n
and2s1             lec25dscc25_TT    49.766399       1    49.766399
aoi21s1            lec25dscc25_TT    49.766399       2    99.532799
aoi222s1           lec25dscc25_TT    82.944000       1    82.944000
ib1s1              lec25dscc25_TT    33.177601       9   298.598408
oai22s1            lec25dscc25_TT    58.060799       1    58.060799
oai221s1           lec25dscc25_TT    74.649597       2   149.299194
-----------------------------------------------------------------------------
Total 7 references                                   2662.504765

****************************************
Design: LFSR_1 
****************************************
Reference          Library       Unit Area   Count    Total Area   Attributes
-----------------------------------------------------------------------------
aoi22s1            lec25dscc25_TT    58.060799       4   232.243195
dffles1            lec25dscc25_TT   199.065994       6  1194.395966 n
ib1s1              lec25dscc25_TT    33.177601       7   232.243206
nnd2s2             lec25dscc25_TT    41.472000       2    82.944000
oai21s1            lec25dscc25_TT    49.766399       1    49.766399
oai21s2            lec25dscc25_TT    49.766399       1    49.766399
xor2s1             lec25dscc25_TT    82.944000       1    82.944000
-----------------------------------------------------------------------------
Total 7 references                                   1924.303165

****************************************
Design: SNG_2 
****************************************
Reference          Library       Unit Area   Count    Total Area   Attributes
-----------------------------------------------------------------------------
LFSR_2                         1924.303165       1   1924.303165  h, n
and2s1             lec25dscc25_TT    49.766399       1    49.766399
aoi21s1            lec25dscc25_TT    49.766399       2    99.532799
aoi222s1           lec25dscc25_TT    82.944000       1    82.944000
i1s1               lec25dscc25_TT    33.177601       1    33.177601
ib1s1              lec25dscc25_TT    33.177601       8   265.420807
nnd3s1             lec25dscc25_TT    49.766399       1    49.766399
oai22s2            lec25dscc25_TT    58.060799       1    58.060799
oai221s2           lec25dscc25_TT    74.649597       1    74.649597
or2s1              lec25dscc25_TT    49.766399       2    99.532799
-----------------------------------------------------------------------------
Total 10 references                                  2737.154366

****************************************
Design: LFSR_2 
****************************************
Reference          Library       Unit Area   Count    Total Area   Attributes
-----------------------------------------------------------------------------
aoi22s1            lec25dscc25_TT    58.060799       4   232.243195
dffles1            lec25dscc25_TT   199.065994       6  1194.395966 n
i1s1               lec25dscc25_TT    33.177601       1    33.177601
ib1s1              lec25dscc25_TT    33.177601       6   199.065605
nnd2s2             lec25dscc25_TT    41.472000       2    82.944000
oai21s1            lec25dscc25_TT    49.766399       1    49.766399
oai21s2            lec25dscc25_TT    49.766399       1    49.766399
xor2s1             lec25dscc25_TT    82.944000       1    82.944000
-----------------------------------------------------------------------------
Total 8 references                                   1924.303165

****************************************
Design: one_counter_0 
****************************************
Reference          Library       Unit Area   Count    Total Area   Attributes
-----------------------------------------------------------------------------
dffs1              lec25dscc25_TT   157.593994       1   157.593994 n
nor2s1             lec25dscc25_TT    41.472000       1    41.472000
xnr2s1             lec25dscc25_TT    82.944000       1    82.944000
-----------------------------------------------------------------------------
Total 3 references                                    282.009995

****************************************
Design: processing_element_1 
****************************************
Reference          Library       Unit Area   Count    Total Area   Attributes
-----------------------------------------------------------------------------
ESL_adder_1                     489.369999       1    489.369999  h
ESL_multiplier_1                182.476799       1    182.476799  h
SNG_3                          2662.504765       1   2662.504765  h, n
SNG_4                          2701.169964       1   2701.169964  h, n
dffs1              lec25dscc25_TT   157.593994       2   315.187988 n
ib1s1              lec25dscc25_TT    33.177601       1    33.177601
mxi21s2            lec25dscc25_TT    66.355202       1    66.355202
mxi21s3            lec25dscc25_TT    74.649597       1    74.649597
nb1s1              lec25dscc25_TT    41.472000       1    41.472000
nor2s2             lec25dscc25_TT    58.060799       2   116.121597
one_counter_1                   282.009995       1    282.009995  h, n
-----------------------------------------------------------------------------
Total 11 references                                  6964.495506

****************************************
Design: ESL_adder_1 
****************************************
Reference          Library       Unit Area   Count    Total Area   Attributes
-----------------------------------------------------------------------------
ib1s1              lec25dscc25_TT    33.177601       1    33.177601
mxi21s3            lec25dscc25_TT    74.649597       1    74.649597
xnr2s1             lec25dscc25_TT    82.944000       1    82.944000
xor2s1             lec25dscc25_TT    82.944000       1    82.944000
xor2s2             lec25dscc25_TT    99.532799       1    99.532799
xor2s3             lec25dscc25_TT   116.122002       1   116.122002
-----------------------------------------------------------------------------
Total 6 references                                    489.369999

****************************************
Design: ESL_multiplier_1 
****************************************
Reference          Library       Unit Area   Count    Total Area   Attributes
-----------------------------------------------------------------------------
xnr2s1             lec25dscc25_TT    82.944000       1    82.944000
xnr2s2             lec25dscc25_TT    99.532799       1    99.532799
-----------------------------------------------------------------------------
Total 2 references                                    182.476799

****************************************
Design: SNG_3 
****************************************
Reference          Library       Unit Area   Count    Total Area   Attributes
-----------------------------------------------------------------------------
LFSR_3                         1924.303165       1   1924.303165  h, n
and2s1             lec25dscc25_TT    49.766399       1    49.766399
aoi21s1            lec25dscc25_TT    49.766399       2    99.532799
aoi222s1           lec25dscc25_TT    82.944000       1    82.944000
i1s1               lec25dscc25_TT    33.177601       1    33.177601
ib1s1              lec25dscc25_TT    33.177601       8   265.420807
oai22s1            lec25dscc25_TT    58.060799       1    58.060799
oai221s1           lec25dscc25_TT    74.649597       2   149.299194
-----------------------------------------------------------------------------
Total 8 references                                   2662.504765

****************************************
Design: LFSR_3 
****************************************
Reference          Library       Unit Area   Count    Total Area   Attributes
-----------------------------------------------------------------------------
aoi22s1            lec25dscc25_TT    58.060799       4   232.243195
dffles1            lec25dscc25_TT   199.065994       6  1194.395966 n
ib1s1              lec25dscc25_TT    33.177601       7   232.243206
nnd2s2             lec25dscc25_TT    41.472000       2    82.944000
oai21s1            lec25dscc25_TT    49.766399       1    49.766399
oai21s2            lec25dscc25_TT    49.766399       1    49.766399
xor2s1             lec25dscc25_TT    82.944000       1    82.944000
-----------------------------------------------------------------------------
Total 7 references                                   1924.303165

****************************************
Design: SNG_4 
****************************************
Reference          Library       Unit Area   Count    Total Area   Attributes
-----------------------------------------------------------------------------
LFSR_4                         1924.303165       1   1924.303165  h, n
and2s1             lec25dscc25_TT    49.766399       1    49.766399
aoi21s1            lec25dscc25_TT    49.766399       1    49.766399
aoi21s2            lec25dscc25_TT    49.766399       1    49.766399
aoi222s1           lec25dscc25_TT    82.944000       1    82.944000
i1s1               lec25dscc25_TT    33.177601       1    33.177601
ib1s1              lec25dscc25_TT    33.177601       8   265.420807
oai22s3            lec25dscc25_TT    96.725998       1    96.725998
oai221s1           lec25dscc25_TT    74.649597       1    74.649597
oai221s2           lec25dscc25_TT    74.649597       1    74.649597
-----------------------------------------------------------------------------
Total 10 references                                  2701.169964

****************************************
Design: LFSR_4 
****************************************
Reference          Library       Unit Area   Count    Total Area   Attributes
-----------------------------------------------------------------------------
aoi22s1            lec25dscc25_TT    58.060799       4   232.243195
dffles1            lec25dscc25_TT   199.065994       6  1194.395966 n
ib1s1              lec25dscc25_TT    33.177601       7   232.243206
nnd2s2             lec25dscc25_TT    41.472000       2    82.944000
oai21s1            lec25dscc25_TT    49.766399       1    49.766399
oai21s2            lec25dscc25_TT    49.766399       1    49.766399
xor2s1             lec25dscc25_TT    82.944000       1    82.944000
-----------------------------------------------------------------------------
Total 7 references                                   1924.303165

****************************************
Design: one_counter_1 
****************************************
Reference          Library       Unit Area   Count    Total Area   Attributes
-----------------------------------------------------------------------------
dffs1              lec25dscc25_TT   157.593994       1   157.593994 n
nor2s1             lec25dscc25_TT    41.472000       1    41.472000
xnr2s1             lec25dscc25_TT    82.944000       1    82.944000
-----------------------------------------------------------------------------
Total 3 references                                    282.009995

****************************************
Design: processing_element_2 
****************************************
Reference          Library       Unit Area   Count    Total Area   Attributes
-----------------------------------------------------------------------------
ESL_adder_2                     423.014400       1    423.014400  h
ESL_multiplier_2                165.888000       1    165.888000  h
SNG_5                          2662.504765       1   2662.504765  h, n
SNG_6                          2737.154366       1   2737.154366  h, n
aoi22s2            lec25dscc25_TT    58.060799       2   116.121597
dffs1              lec25dscc25_TT   157.593994       2   315.187988 n
i1s3               lec25dscc25_TT    41.472000       1    41.472000
ib1s1              lec25dscc25_TT    33.177601       1    33.177601
nb1s1              lec25dscc25_TT    41.472000       1    41.472000
nor2s1             lec25dscc25_TT    41.472000       2    82.944000
one_counter_2                   282.009995       1    282.009995  h, n
-----------------------------------------------------------------------------
Total 11 references                                  6900.946712

****************************************
Design: ESL_adder_2 
****************************************
Reference          Library       Unit Area   Count    Total Area   Attributes
-----------------------------------------------------------------------------
ib1s1              lec25dscc25_TT    33.177601       1    33.177601
oai22s2            lec25dscc25_TT    58.060799       1    58.060799
xor2s1             lec25dscc25_TT    82.944000       4   331.776001
-----------------------------------------------------------------------------
Total 3 references                                    423.014400

****************************************
Design: ESL_multiplier_2 
****************************************
Reference          Library       Unit Area   Count    Total Area   Attributes
-----------------------------------------------------------------------------
xnr2s1             lec25dscc25_TT    82.944000       2   165.888000
-----------------------------------------------------------------------------
Total 1 references                                    165.888000

****************************************
Design: SNG_5 
****************************************
Reference          Library       Unit Area   Count    Total Area   Attributes
-----------------------------------------------------------------------------
LFSR_5                         1924.303165       1   1924.303165  h, n
and2s1             lec25dscc25_TT    49.766399       1    49.766399
aoi21s1            lec25dscc25_TT    49.766399       2    99.532799
aoi222s1           lec25dscc25_TT    82.944000       1    82.944000
ib1s1              lec25dscc25_TT    33.177601       9   298.598408
oai22s1            lec25dscc25_TT    58.060799       1    58.060799
oai221s1           lec25dscc25_TT    74.649597       2   149.299194
-----------------------------------------------------------------------------
Total 7 references                                   2662.504765

****************************************
Design: LFSR_5 
****************************************
Reference          Library       Unit Area   Count    Total Area   Attributes
-----------------------------------------------------------------------------
aoi22s1            lec25dscc25_TT    58.060799       4   232.243195
dffles1            lec25dscc25_TT   199.065994       6  1194.395966 n
ib1s1              lec25dscc25_TT    33.177601       7   232.243206
nnd2s2             lec25dscc25_TT    41.472000       2    82.944000
oai21s1            lec25dscc25_TT    49.766399       1    49.766399
oai21s2            lec25dscc25_TT    49.766399       1    49.766399
xor2s1             lec25dscc25_TT    82.944000       1    82.944000
-----------------------------------------------------------------------------
Total 7 references                                   1924.303165

****************************************
Design: SNG_6 
****************************************
Reference          Library       Unit Area   Count    Total Area   Attributes
-----------------------------------------------------------------------------
LFSR_6                         1924.303165       1   1924.303165  h, n
and2s1             lec25dscc25_TT    49.766399       1    49.766399
aoi21s1            lec25dscc25_TT    49.766399       1    49.766399
aoi21s2            lec25dscc25_TT    49.766399       1    49.766399
aoi222s1           lec25dscc25_TT    82.944000       1    82.944000
ib1s1              lec25dscc25_TT    33.177601       9   298.598408
nnd3s1             lec25dscc25_TT    49.766399       1    49.766399
oai22s2            lec25dscc25_TT    58.060799       1    58.060799
oai221s2           lec25dscc25_TT    74.649597       1    74.649597
or2s1              lec25dscc25_TT    49.766399       2    99.532799
-----------------------------------------------------------------------------
Total 10 references                                  2737.154366

****************************************
Design: LFSR_6 
****************************************
Reference          Library       Unit Area   Count    Total Area   Attributes
-----------------------------------------------------------------------------
aoi22s1            lec25dscc25_TT    58.060799       4   232.243195
dffles1            lec25dscc25_TT   199.065994       6  1194.395966 n
ib1s1              lec25dscc25_TT    33.177601       7   232.243206
nnd2s2             lec25dscc25_TT    41.472000       2    82.944000
oai21s1            lec25dscc25_TT    49.766399       1    49.766399
oai21s2            lec25dscc25_TT    49.766399       1    49.766399
xor2s1             lec25dscc25_TT    82.944000       1    82.944000
-----------------------------------------------------------------------------
Total 7 references                                   1924.303165

****************************************
Design: one_counter_2 
****************************************
Reference          Library       Unit Area   Count    Total Area   Attributes
-----------------------------------------------------------------------------
dffs1              lec25dscc25_TT   157.593994       1   157.593994 n
nor2s1             lec25dscc25_TT    41.472000       1    41.472000
xnr2s1             lec25dscc25_TT    82.944000       1    82.944000
-----------------------------------------------------------------------------
Total 3 references                                    282.009995

****************************************
Design: processing_element_3 
****************************************
Reference          Library       Unit Area   Count    Total Area   Attributes
-----------------------------------------------------------------------------
ESL_adder_3                     423.014400       1    423.014400  h
ESL_multiplier_3                165.888000       1    165.888000  h
SNG_7                          2662.504765       1   2662.504765  h, n
SNG_8                          2662.504765       1   2662.504765  h, n
aoi22s2            lec25dscc25_TT    58.060799       2   116.121597
dffs1              lec25dscc25_TT   157.593994       2   315.187988 n
ib1s1              lec25dscc25_TT    33.177601       2    66.355202
nb1s1              lec25dscc25_TT    41.472000       1    41.472000
nor2s1             lec25dscc25_TT    41.472000       2    82.944000
one_counter_3                   282.009995       1    282.009995  h, n
-----------------------------------------------------------------------------
Total 10 references                                  6818.002712

****************************************
Design: ESL_adder_3 
****************************************
Reference          Library       Unit Area   Count    Total Area   Attributes
-----------------------------------------------------------------------------
ib1s1              lec25dscc25_TT    33.177601       1    33.177601
oai22s2            lec25dscc25_TT    58.060799       1    58.060799
xor2s1             lec25dscc25_TT    82.944000       4   331.776001
-----------------------------------------------------------------------------
Total 3 references                                    423.014400

****************************************
Design: ESL_multiplier_3 
****************************************
Reference          Library       Unit Area   Count    Total Area   Attributes
-----------------------------------------------------------------------------
xnr2s1             lec25dscc25_TT    82.944000       2   165.888000
-----------------------------------------------------------------------------
Total 1 references                                    165.888000

****************************************
Design: SNG_7 
****************************************
Reference          Library       Unit Area   Count    Total Area   Attributes
-----------------------------------------------------------------------------
LFSR_7                         1924.303165       1   1924.303165  h, n
and2s1             lec25dscc25_TT    49.766399       1    49.766399
aoi21s1            lec25dscc25_TT    49.766399       2    99.532799
aoi222s1           lec25dscc25_TT    82.944000       1    82.944000
ib1s1              lec25dscc25_TT    33.177601       9   298.598408
oai22s1            lec25dscc25_TT    58.060799       1    58.060799
oai221s1           lec25dscc25_TT    74.649597       2   149.299194
-----------------------------------------------------------------------------
Total 7 references                                   2662.504765

****************************************
Design: LFSR_7 
****************************************
Reference          Library       Unit Area   Count    Total Area   Attributes
-----------------------------------------------------------------------------
aoi22s1            lec25dscc25_TT    58.060799       4   232.243195
dffles1            lec25dscc25_TT   199.065994       6  1194.395966 n
ib1s1              lec25dscc25_TT    33.177601       7   232.243206
nnd2s2             lec25dscc25_TT    41.472000       2    82.944000
oai21s1            lec25dscc25_TT    49.766399       1    49.766399
oai21s2            lec25dscc25_TT    49.766399       1    49.766399
xor2s1             lec25dscc25_TT    82.944000       1    82.944000
-----------------------------------------------------------------------------
Total 7 references                                   1924.303165

****************************************
Design: SNG_8 
****************************************
Reference          Library       Unit Area   Count    Total Area   Attributes
-----------------------------------------------------------------------------
LFSR_8                         1924.303165       1   1924.303165  h, n
and2s1             lec25dscc25_TT    49.766399       1    49.766399
aoi21s1            lec25dscc25_TT    49.766399       2    99.532799
aoi222s1           lec25dscc25_TT    82.944000       1    82.944000
i1s1               lec25dscc25_TT    33.177601       1    33.177601
ib1s1              lec25dscc25_TT    33.177601       8   265.420807
oai22s1            lec25dscc25_TT    58.060799       1    58.060799
oai221s2           lec25dscc25_TT    74.649597       2   149.299194
-----------------------------------------------------------------------------
Total 8 references                                   2662.504765

****************************************
Design: LFSR_8 
****************************************
Reference          Library       Unit Area   Count    Total Area   Attributes
-----------------------------------------------------------------------------
aoi22s1            lec25dscc25_TT    58.060799       1    58.060799
aoi22s2            lec25dscc25_TT    58.060799       2   116.121597
dffles1            lec25dscc25_TT   199.065994       6  1194.395966 n
ib1s1              lec25dscc25_TT    33.177601       7   232.243206
nnd2s2             lec25dscc25_TT    41.472000       2    82.944000
oai21s2            lec25dscc25_TT    49.766399       2    99.532799
oai22s1            lec25dscc25_TT    58.060799       1    58.060799
xor2s1             lec25dscc25_TT    82.944000       1    82.944000
-----------------------------------------------------------------------------
Total 8 references                                   1924.303165

****************************************
Design: one_counter_3 
****************************************
Reference          Library       Unit Area   Count    Total Area   Attributes
-----------------------------------------------------------------------------
dffs1              lec25dscc25_TT   157.593994       1   157.593994 n
nor2s1             lec25dscc25_TT    41.472000       1    41.472000
xnr2s1             lec25dscc25_TT    82.944000       1    82.944000
-----------------------------------------------------------------------------
Total 3 references                                    282.009995

****************************************
Design: sc_counter 
****************************************
Reference          Library       Unit Area   Count    Total Area   Attributes
-----------------------------------------------------------------------------
dffs2              lec25dscc25_TT   174.182007       6  1045.092041 n
hadd1s1            lec25dscc25_TT    62.181000       4   248.723999 r
ib1s1              lec25dscc25_TT    33.177601       5   165.888004
nnd2s2             lec25dscc25_TT    41.472000       2    82.944000
nor6s1             lec25dscc25_TT   107.827003       1   107.827003
oai22s2            lec25dscc25_TT    58.060799       6   348.364792
xor2s1             lec25dscc25_TT    82.944000       1    82.944000
-----------------------------------------------------------------------------
Total 7 references                                   2081.783840
1
